
D:\Codes\Flock2>REM ################################### Starting in Flock2 folder 

D:\Codes\Flock2>REM ################################### Downloading or updating Libmin 

D:\Codes\Flock2>cd .. 

D:\Codes>git clone https://github.com/ramakarl/libmin.git 

D:\Codes>cd libmin 

D:\Codes\libmin>git pull 
Already up to date.

D:\Codes\libmin>cd .. 

D:\Codes>REM ################################### Building Libmin 

D:\Codes>cmake -S libmin -B build/libmin 
-- Selecting Windows SDK version 10.0.18362.0 to target Windows 10.0.19045.
--   LIBMIN_ROOT: D:/Codes/libmin
--   Confirming: /src/dataptr.cpp in D:/Codes/libmin -> OK
--   Confirming: /win64/libjpg_2019x64.lib in D:/Codes/libmin/libext -> OK
-- ----- Running LibminConfig.cmake
--   CURRENT DIRECTORY: D:/Codes/libmin
--   LIBMIN REPOSITORY: D:/Codes/libmin
--   LIBEXT REPOSITORY: D:/Codes/libmin/libext
--   LIBMIN INSTALLED:  SELF
--   Searching for GL..
--   ---> Using GL
--   ---> Using GLEW (dll)
-- Libraries used:
   opengl32.lib
   D:/Codes/libmin/libext/win64/glew64d.lib
-- ---------------------------------
-- Installed Bin: D:/Codes/build/libmin/bin
-- Installed Inc: D:/Codes/build/libmin/include
-- ---------------------------------
-- Configuring done
-- Generating done
-- Build files have been written to: D:/Codes/build/libmin

D:\Codes>path=C:\Program FIles\ffmpeg\bin;C:\Program Files\ImageMagick-7.1.1;C:\Program Files (x86)\Common Files\Intel\Shared Libraries\redist\intel64_win\compiler;C:\Program Files\Common Files\Oracle\Java\javapath;C:\Program Files\NVIDIA GPU Computing Toolkit\CUDA\v10.2\bin;C:\Program Files\NVIDIA GPU Computing Toolkit\CUDA\v10.2\libnvvp;C:\Windows\system32;C:\Windows;C:\Windows\System32\WindowsPowerShell\v1.0\;C:\Windows\System32\OpenSSH\;C:\Program Files\PuTTY\;C:\Program Files\CMake\bin;C:\Program Files\Common Files\Autodesk Shared\;C:\WINDOWS\System32\WindowsPowerShell\v1.0\;C:\WINDOWS\System32\OpenSSH\;C:\Program Files\MiKTeX\miktex\bin\x64\;C:\Program Files\Git\cmd;C:\Program Files (x86)\Windows Kits\10\Windows Performance Toolkit\;G:\conda\condabin;C:\Users\Rama Hoetzlein\AppData\Local\Programs\Python\Launcher\;C:\Users\Rama Hoetzlein\AppData\Local\Microsoft\WindowsApps;C:\Users\Rama Hoetzlein\AppData\Local\GitHubDesktop\bin;C:\Users\Rama Hoetzlein\AppData\Local\Microsoft\WindowsApps;d:\codes\usd_22.11\bin;d:\codes\usd_22.11\lib;f:\Python38;"C:\Program Files (x86)\Microsoft Visual Studio\2019\Community\MSBuild\Current\Bin";"C:\Program Files (x86)\Microsoft Visual Studio\2019\Community\MSBuild\Current\Bin";"C:\Program Files (x86)\Microsoft Visual Studio\2019\Community\MSBuild\Current\Bin";"C:\Program Files (x86)\Microsoft Visual Studio\2019\Community\MSBuild\Current\Bin";"C:\Program Files (x86)\Microsoft Visual Studio\2019\Community\MSBuild\Current\Bin";"C:\Program Files (x86)\Microsoft Visual Studio\2019\Community\MSBuild\Current\Bin";"C:\Program Files (x86)\Microsoft Visual Studio\2019\Community\MSBuild\Current\Bin";"C:\Program Files (x86)\Microsoft Visual Studio\2019\Community\MSBuild\Current\Bin";"C:\Program Files (x86)\Microsoft Visual Studio\2019\Community\MSBuild\Current\Bin";"C:\Program Files (x86)\Microsoft Visual Studio\2019\Community\MSBuild\Current\Bin";"C:\Program Files (x86)\Microsoft Visual Studio\2019\Community\MSBuild\Current\Bin";"C:\Program Files (x86)\Microsoft Visual Studio\2019\Community\MSBuild\Current\Bin";"C:\Program Files (x86)\Microsoft Visual Studio\2019\Community\MSBuild\Current\Bin";"C:\Program Files (x86)\Microsoft Visual Studio\2019\Community\MSBuild\Current\Bin";"C:\Program Files (x86)\Microsoft Visual Studio\2019\Community\MSBuild\Current\Bin";"C:\Program Files (x86)\Microsoft Visual Studio\2019\Community\MSBuild\Current\Bin";"C:\Program Files (x86)\Microsoft Visual Studio\2019\Community\MSBuild\Current\Bin";"C:\Program Files (x86)\Microsoft Visual Studio\2019\Community\MSBuild\Current\Bin";"C:\Program Files (x86)\Microsoft Visual Studio\2019\Community\MSBuild\Current\Bin";"C:\Program Files (x86)\Microsoft Visual Studio\2019\Community\MSBuild\Current\Bin";"C:\Program Files (x86)\Microsoft Visual Studio\2019\Community\MSBuild\Current\Bin";"C:\Program Files (x86)\Microsoft Visual Studio\2019\Community\MSBuild\Current\Bin" 

D:\Codes>cd build/libmin 

D:\Codes\build\libmin>msbuild libmin.sln /p:Configuration=Debug 
Microsoft (R) Build Engine version 16.7.0+b89cb5fde for .NET Framework
Copyright (C) Microsoft Corporation. All rights reserved.

Building the projects in this solution one at a time. To enable parallel build, please add the "-m" switch.
Build started 2/3/2024 5:23:34 PM.
Project "D:\Codes\build\libmin\libmin.sln" on node 1 (default targets).
ValidateSolutionConfiguration:
  Building solution configuration "Debug|x64".
Project "D:\Codes\build\libmin\libmin.sln" (1) is building "D:\Codes\build\libmin\ALL_BUILD.vcxproj.metaproj" (2) on node 1 (default targets).
Project "D:\Codes\build\libmin\ALL_BUILD.vcxproj.metaproj" (2) is building "D:\Codes\build\libmin\ZERO_CHECK.vcxproj" (3) on node 1 (default targets).
InitializeBuildStatus:
  Creating "x64\Debug\ZERO_CHECK\ZERO_CHECK.tlog\unsuccessfulbuild" because "AlwaysCreate" was specified.
CustomBuild:
  All outputs are up-to-date.
FinalizeBuildStatus:
  Deleting file "x64\Debug\ZERO_CHECK\ZERO_CHECK.tlog\unsuccessfulbuild".
  Touching "x64\Debug\ZERO_CHECK\ZERO_CHECK.tlog\ZERO_CHECK.lastbuildstate".
Done Building Project "D:\Codes\build\libmin\ZERO_CHECK.vcxproj" (default targets).
Project "D:\Codes\build\libmin\ALL_BUILD.vcxproj.metaproj" (2) is building "D:\Codes\build\libmin\libmin.vcxproj.metaproj" (4) on node 1 (default targets).
Project "D:\Codes\build\libmin\libmin.vcxproj.metaproj" (4) is building "D:\Codes\build\libmin\libmin.vcxproj" (5) on node 1 (default targets).
InitializeBuildStatus:
  Creating "libmin.dir\Debug\libmin.tlog\unsuccessfulbuild" because "AlwaysCreate" was specified.
CustomBuild:
  All outputs are up-to-date.
ClCompile:
  All outputs are up-to-date.
Link:
  All outputs are up-to-date.
  libmin.vcxproj -> D:\Codes\build\libmin\Debug\libmind.dll
FinalizeBuildStatus:
  Deleting file "libmin.dir\Debug\libmin.tlog\unsuccessfulbuild".
  Touching "libmin.dir\Debug\libmin.tlog\libmin.lastbuildstate".
Done Building Project "D:\Codes\build\libmin\libmin.vcxproj" (default targets).
Done Building Project "D:\Codes\build\libmin\libmin.vcxproj.metaproj" (default targets).
Project "D:\Codes\build\libmin\ALL_BUILD.vcxproj.metaproj" (2) is building "D:\Codes\build\libmin\ALL_BUILD.vcxproj" (6) on node 1 (default targets).
InitializeBuildStatus:
  Creating "x64\Debug\ALL_BUILD\ALL_BUILD.tlog\unsuccessfulbuild" because "AlwaysCreate" was specified.
CustomBuild:
  All outputs are up-to-date.
FinalizeBuildStatus:
  Deleting file "x64\Debug\ALL_BUILD\ALL_BUILD.tlog\unsuccessfulbuild".
  Touching "x64\Debug\ALL_BUILD\ALL_BUILD.tlog\ALL_BUILD.lastbuildstate".
Done Building Project "D:\Codes\build\libmin\ALL_BUILD.vcxproj" (default targets).
Done Building Project "D:\Codes\build\libmin\ALL_BUILD.vcxproj.metaproj" (default targets).
Project "D:\Codes\build\libmin\libmin.sln" (1) is building "D:\Codes\build\libmin\INSTALL.vcxproj.metaproj" (7) on node 1 (default targets).
Project "D:\Codes\build\libmin\INSTALL.vcxproj.metaproj" (7) is building "D:\Codes\build\libmin\INSTALL.vcxproj" (8) on node 1 (default targets).
InitializeBuildStatus:
  Creating "x64\Debug\INSTALL\INSTALL.tlog\unsuccessfulbuild" because "AlwaysCreate" was specified.
PostBuildEvent:
  setlocal
  "C:\Program Files\CMake\bin\cmake.exe" -DBUILD_TYPE=Debug -P cmake_install.cmake
  if %errorlevel% neq 0 goto :cmEnd
  :cmEnd
  endlocal & call :cmErrorLevel %errorlevel% & goto :cmDone
  :cmErrorLevel
  exit /b %1
  :cmDone
  if %errorlevel% neq 0 goto :VCEnd
  :VCEnd
  -- Install configuration: "Debug"
  -- Up-to-date: D:/Codes/build/libmin/bin/glew64.dll
  -- Up-to-date: D:/Codes/build/libmin/bin/glew64d.dll
  -- Up-to-date: D:/Codes/build/libmin/include/camera3d.h
  -- Up-to-date: D:/Codes/build/libmin/include/common_cuda.h
  -- Up-to-date: D:/Codes/build/libmin/include/common_defs.h
  -- Up-to-date: D:/Codes/build/libmin/include/cutil_math.h
  -- Up-to-date: D:/Codes/build/libmin/include/dataptr.h
  -- Up-to-date: D:/Codes/build/libmin/include/datax.h
  -- Up-to-date: D:/Codes/build/libmin/include/directory.h
  -- Up-to-date: D:/Codes/build/libmin/include/event.h
  -- Up-to-date: D:/Codes/build/libmin/include/event_system.h
  -- Up-to-date: D:/Codes/build/libmin/include/file_png.h
  -- Up-to-date: D:/Codes/build/libmin/include/file_tga.h
  -- Up-to-date: D:/Codes/build/libmin/include/g2_grid.h
  -- Up-to-date: D:/Codes/build/libmin/include/g2_obj.h
  -- Up-to-date: D:/Codes/build/libmin/include/g2_textbox.h
  -- Up-to-date: D:/Codes/build/libmin/include/g2lib.h
  -- Up-to-date: D:/Codes/build/libmin/include/geom_helper.h
  -- Up-to-date: D:/Codes/build/libmin/include/gxlib.h
  -- Up-to-date: D:/Codes/build/libmin/include/gxlib_types.h
  -- Up-to-date: D:/Codes/build/libmin/include/httplib.h
  -- Up-to-date: D:/Codes/build/libmin/include/imageformat.h
  -- Up-to-date: D:/Codes/build/libmin/include/imageformat_jpg.h
  -- Up-to-date: D:/Codes/build/libmin/include/imageformat_png.h
  -- Up-to-date: D:/Codes/build/libmin/include/imageformat_tga.h
  -- Up-to-date: D:/Codes/build/libmin/include/imageformat_tiff.h
  -- Up-to-date: D:/Codes/build/libmin/include/imagex.h
  -- Up-to-date: D:/Codes/build/libmin/include/main_includes.h
  -- Up-to-date: D:/Codes/build/libmin/include/mersenne.h
  -- Up-to-date: D:/Codes/build/libmin/include/meshx.h
  -- Up-to-date: D:/Codes/build/libmin/include/meshx_info.h
  -- Up-to-date: D:/Codes/build/libmin/include/network_socket.h
  -- Up-to-date: D:/Codes/build/libmin/include/network_system.h
  -- Up-to-date: D:/Codes/build/libmin/include/nvToolsExt.h
  -- Up-to-date: D:/Codes/build/libmin/include/quaternion.h
  -- Up-to-date: D:/Codes/build/libmin/include/spline.h
  -- Up-to-date: D:/Codes/build/libmin/include/string_helper.h
  -- Up-to-date: D:/Codes/build/libmin/include/timex.h
  -- Up-to-date: D:/Codes/build/libmin/include/vec.h
  -- Up-to-date: D:/Codes/build/libmin/include/widget.h
  -- Up-to-date: D:/Codes/build/libmin/bin/libmind.lib
  -- Up-to-date: D:/Codes/build/libmin/bin/libmind.lib
  -- Up-to-date: D:/Codes/build/libmin/bin/libmind.dll
FinalizeBuildStatus:
  Deleting file "x64\Debug\INSTALL\INSTALL.tlog\unsuccessfulbuild".
  Touching "x64\Debug\INSTALL\INSTALL.tlog\INSTALL.lastbuildstate".
Done Building Project "D:\Codes\build\libmin\INSTALL.vcxproj" (default targets).
Done Building Project "D:\Codes\build\libmin\INSTALL.vcxproj.metaproj" (default targets).
Done Building Project "D:\Codes\build\libmin\libmin.sln" (default targets).

Build succeeded.
    0 Warning(s)
    0 Error(s)

Time Elapsed 00:00:00.50

D:\Codes\build\libmin>msbuild libmin.sln /p:Configuration=Release 
Microsoft (R) Build Engine version 16.7.0+b89cb5fde for .NET Framework
Copyright (C) Microsoft Corporation. All rights reserved.

Building the projects in this solution one at a time. To enable parallel build, please add the "-m" switch.
Build started 2/3/2024 5:23:35 PM.
Project "D:\Codes\build\libmin\libmin.sln" on node 1 (default targets).
ValidateSolutionConfiguration:
  Building solution configuration "Release|x64".
Project "D:\Codes\build\libmin\libmin.sln" (1) is building "D:\Codes\build\libmin\ALL_BUILD.vcxproj.metaproj" (2) on node 1 (default targets).
Project "D:\Codes\build\libmin\ALL_BUILD.vcxproj.metaproj" (2) is building "D:\Codes\build\libmin\ZERO_CHECK.vcxproj" (3) on node 1 (default targets).
InitializeBuildStatus:
  Creating "x64\Release\ZERO_CHECK\ZERO_CHECK.tlog\unsuccessfulbuild" because "AlwaysCreate" was specified.
CustomBuild:
  All outputs are up-to-date.
FinalizeBuildStatus:
  Deleting file "x64\Release\ZERO_CHECK\ZERO_CHECK.tlog\unsuccessfulbuild".
  Touching "x64\Release\ZERO_CHECK\ZERO_CHECK.tlog\ZERO_CHECK.lastbuildstate".
Done Building Project "D:\Codes\build\libmin\ZERO_CHECK.vcxproj" (default targets).
Project "D:\Codes\build\libmin\ALL_BUILD.vcxproj.metaproj" (2) is building "D:\Codes\build\libmin\libmin.vcxproj.metaproj" (4) on node 1 (default targets).
Project "D:\Codes\build\libmin\libmin.vcxproj.metaproj" (4) is building "D:\Codes\build\libmin\libmin.vcxproj" (5) on node 1 (default targets).
InitializeBuildStatus:
  Creating "libmin.dir\Release\libmin.tlog\unsuccessfulbuild" because "AlwaysCreate" was specified.
CustomBuild:
  All outputs are up-to-date.
ClCompile:
  All outputs are up-to-date.
Link:
  All outputs are up-to-date.
  libmin.vcxproj -> D:\Codes\build\libmin\Release\libmin.dll
FinalizeBuildStatus:
  Deleting file "libmin.dir\Release\libmin.tlog\unsuccessfulbuild".
  Touching "libmin.dir\Release\libmin.tlog\libmin.lastbuildstate".
Done Building Project "D:\Codes\build\libmin\libmin.vcxproj" (default targets).
Done Building Project "D:\Codes\build\libmin\libmin.vcxproj.metaproj" (default targets).
Project "D:\Codes\build\libmin\ALL_BUILD.vcxproj.metaproj" (2) is building "D:\Codes\build\libmin\ALL_BUILD.vcxproj" (6) on node 1 (default targets).
InitializeBuildStatus:
  Creating "x64\Release\ALL_BUILD\ALL_BUILD.tlog\unsuccessfulbuild" because "AlwaysCreate" was specified.
CustomBuild:
  All outputs are up-to-date.
FinalizeBuildStatus:
  Deleting file "x64\Release\ALL_BUILD\ALL_BUILD.tlog\unsuccessfulbuild".
  Touching "x64\Release\ALL_BUILD\ALL_BUILD.tlog\ALL_BUILD.lastbuildstate".
Done Building Project "D:\Codes\build\libmin\ALL_BUILD.vcxproj" (default targets).
Done Building Project "D:\Codes\build\libmin\ALL_BUILD.vcxproj.metaproj" (default targets).
Project "D:\Codes\build\libmin\libmin.sln" (1) is building "D:\Codes\build\libmin\INSTALL.vcxproj.metaproj" (7) on node 1 (default targets).
Project "D:\Codes\build\libmin\INSTALL.vcxproj.metaproj" (7) is building "D:\Codes\build\libmin\INSTALL.vcxproj" (8) on node 1 (default targets).
InitializeBuildStatus:
  Creating "x64\Release\INSTALL\INSTALL.tlog\unsuccessfulbuild" because "AlwaysCreate" was specified.
PostBuildEvent:
  setlocal
  "C:\Program Files\CMake\bin\cmake.exe" -DBUILD_TYPE=Release -P cmake_install.cmake
  if %errorlevel% neq 0 goto :cmEnd
  :cmEnd
  endlocal & call :cmErrorLevel %errorlevel% & goto :cmDone
  :cmErrorLevel
  exit /b %1
  :cmDone
  if %errorlevel% neq 0 goto :VCEnd
  :VCEnd
  -- Install configuration: "Release"
  -- Up-to-date: D:/Codes/build/libmin/bin/glew64.dll
  -- Up-to-date: D:/Codes/build/libmin/bin/glew64d.dll
  -- Up-to-date: D:/Codes/build/libmin/include/camera3d.h
  -- Up-to-date: D:/Codes/build/libmin/include/common_cuda.h
  -- Up-to-date: D:/Codes/build/libmin/include/common_defs.h
  -- Up-to-date: D:/Codes/build/libmin/include/cutil_math.h
  -- Up-to-date: D:/Codes/build/libmin/include/dataptr.h
  -- Up-to-date: D:/Codes/build/libmin/include/datax.h
  -- Up-to-date: D:/Codes/build/libmin/include/directory.h
  -- Up-to-date: D:/Codes/build/libmin/include/event.h
  -- Up-to-date: D:/Codes/build/libmin/include/event_system.h
  -- Up-to-date: D:/Codes/build/libmin/include/file_png.h
  -- Up-to-date: D:/Codes/build/libmin/include/file_tga.h
  -- Up-to-date: D:/Codes/build/libmin/include/g2_grid.h
  -- Up-to-date: D:/Codes/build/libmin/include/g2_obj.h
  -- Up-to-date: D:/Codes/build/libmin/include/g2_textbox.h
  -- Up-to-date: D:/Codes/build/libmin/include/g2lib.h
  -- Up-to-date: D:/Codes/build/libmin/include/geom_helper.h
  -- Up-to-date: D:/Codes/build/libmin/include/gxlib.h
  -- Up-to-date: D:/Codes/build/libmin/include/gxlib_types.h
  -- Up-to-date: D:/Codes/build/libmin/include/httplib.h
  -- Up-to-date: D:/Codes/build/libmin/include/imageformat.h
  -- Up-to-date: D:/Codes/build/libmin/include/imageformat_jpg.h
  -- Up-to-date: D:/Codes/build/libmin/include/imageformat_png.h
  -- Up-to-date: D:/Codes/build/libmin/include/imageformat_tga.h
  -- Up-to-date: D:/Codes/build/libmin/include/imageformat_tiff.h
  -- Up-to-date: D:/Codes/build/libmin/include/imagex.h
  -- Up-to-date: D:/Codes/build/libmin/include/main_includes.h
  -- Up-to-date: D:/Codes/build/libmin/include/mersenne.h
  -- Up-to-date: D:/Codes/build/libmin/include/meshx.h
  -- Up-to-date: D:/Codes/build/libmin/include/meshx_info.h
  -- Up-to-date: D:/Codes/build/libmin/include/network_socket.h
  -- Up-to-date: D:/Codes/build/libmin/include/network_system.h
  -- Up-to-date: D:/Codes/build/libmin/include/nvToolsExt.h
  -- Up-to-date: D:/Codes/build/libmin/include/quaternion.h
  -- Up-to-date: D:/Codes/build/libmin/include/spline.h
  -- Up-to-date: D:/Codes/build/libmin/include/string_helper.h
  -- Up-to-date: D:/Codes/build/libmin/include/timex.h
  -- Up-to-date: D:/Codes/build/libmin/include/vec.h
  -- Up-to-date: D:/Codes/build/libmin/include/widget.h
  -- Up-to-date: D:/Codes/build/libmin/bin/libmin.lib
  -- Up-to-date: D:/Codes/build/libmin/bin/libmin.lib
  -- Up-to-date: D:/Codes/build/libmin/bin/libmin.dll
FinalizeBuildStatus:
  Deleting file "x64\Release\INSTALL\INSTALL.tlog\unsuccessfulbuild".
  Touching "x64\Release\INSTALL\INSTALL.tlog\INSTALL.lastbuildstate".
Done Building Project "D:\Codes\build\libmin\INSTALL.vcxproj" (default targets).
Done Building Project "D:\Codes\build\libmin\INSTALL.vcxproj.metaproj" (default targets).
Done Building Project "D:\Codes\build\libmin\libmin.sln" (default targets).

Build succeeded.
    0 Warning(s)
    0 Error(s)

Time Elapsed 00:00:00.49

D:\Codes\build\libmin>REM ################################### Updating Flock2 

D:\Codes\build\libmin>cd ../../flock2 

D:\Codes\Flock2>git pull 
Already up to date.

D:\Codes\Flock2>cd .. 

D:\Codes>cmake -S flock2 -B build/flock2 -DLIBMIN_INSTALL=build/libmin 
-- Selecting Windows SDK version 10.0.18362.0 to target Windows 10.0.19045.
-- -------------------------------
-- Processing Project Flock2:
-- --- Running FindLibmin.cmake
-- ----- Searching for LibminConfig.cmake
--   LIBMIN_ROOT: D:/Codes/libmin
--   Confirming: /src/dataptr.cpp in D:/Codes/libmin -> OK
--   Confirming: /win64/libjpg_2019x64.lib in D:/Codes/libmin/libext -> OK
--   Confirming: /bin/libmind.lib in D:/Codes/build/libmin -> OK
-- ----- Running LibminConfig.cmake
--   CURRENT DIRECTORY: D:/Codes/Flock2
--   LIBMIN REPOSITORY: D:/Codes/libmin
--   LIBEXT REPOSITORY: D:/Codes/libmin/libext
--   LIBMIN INSTALLED:  D:/Codes/build/libmin
-- ----- Searching for Libmin installed binaries 
-- LIBMIN Library:
--   Searching for libmin at.. D:/Codes/build/libmin
--   Found. Libhelp header files. 
--   Searching for libmin dll or so. (not building libmin static)
--   Found. Libmin so/dlls in D:/Codes/build/libmin/bin
-- LIBMIN STATUS
--   LIBMIN_SRC_DIR:  D:/Codes/build/libmin/src
--   LIBMIN_INC_DIR:  D:/Codes/build/libmin/include
--   LIBMIN_GLEW_DIR: D:/Codes/build/libmin/GL
--   LIBMIN_LIB_DIR:  D:/Codes/build/libmin/bin
--   LIBMIN_DLLS:     libmind.dll;libmin.dll
--   LIBMIN_DEBUG:    libmind.lib
--   LIBMIN_REL:      libmin.lib
--   ---> Using LIBMIN
--   Searching for GL..
--   ---> Using GL
--   ---> Using GLEW (dll)
-- Libraries used:
   D:/Codes/build/libmin/bin/libmind.lib
   opengl32.lib
   D:/Codes/libmin/libext/win64/glew64d.lib
-- VS Startup Project: D:/Codes/build/flock2, Flock2
-- Install: D:/Codes/libmin/libext/win64/glew64.dll -> D:/Codes/build/flock2
-- Install: D:/Codes/libmin/libext/win64/glew64d.dll -> D:/Codes/build/flock2
-- Install: D:/Codes/build/libmin/bin/libmind.dll -> D:/Codes/build/flock2
-- Install: D:/Codes/build/libmin/bin/libmin.dll -> D:/Codes/build/flock2
-- CMAKE_CURRENT_SOURCE_DIR: D:/Codes/Flock2
-- CMAKE_CURRENT_BINARY_DIR: D:/Codes/build/flock2
-- ------------------------------------
-- Flock2 Install Location:  D:/Codes/build/flock2
-- ------------------------------------
-- Configuring done
-- Generating done
-- Build files have been written to: D:/Codes/build/flock2

D:\Codes>cd build/flock2 

D:\Codes\build\flock2>msbuild flock2.sln /p:Configuration=Debug 
Microsoft (R) Build Engine version 16.7.0+b89cb5fde for .NET Framework
Copyright (C) Microsoft Corporation. All rights reserved.

Building the projects in this solution one at a time. To enable parallel build, please add the "-m" switch.
Build started 2/3/2024 5:23:36 PM.
Project "D:\Codes\build\flock2\flock2.sln" on node 1 (default targets).
ValidateSolutionConfiguration:
  Building solution configuration "Debug|x64".
Project "D:\Codes\build\flock2\flock2.sln" (1) is building "D:\Codes\build\flock2\Flock2.vcxproj.metaproj" (2) on node 1 (default targets).
Project "D:\Codes\build\flock2\Flock2.vcxproj.metaproj" (2) is building "D:\Codes\build\flock2\ZERO_CHECK.vcxproj" (3) on node 1 (default targets).
InitializeBuildStatus:
  Creating "x64\Debug\ZERO_CHECK\ZERO_CHECK.tlog\unsuccessfulbuild" because "AlwaysCreate" was specified.
CustomBuild:
  All outputs are up-to-date.
FinalizeBuildStatus:
  Deleting file "x64\Debug\ZERO_CHECK\ZERO_CHECK.tlog\unsuccessfulbuild".
  Touching "x64\Debug\ZERO_CHECK\ZERO_CHECK.tlog\ZERO_CHECK.lastbuildstate".
Done Building Project "D:\Codes\build\flock2\ZERO_CHECK.vcxproj" (default targets).
Project "D:\Codes\build\flock2\Flock2.vcxproj.metaproj" (2) is building "D:\Codes\build\flock2\Flock2.vcxproj" (4) on node 1 (default targets).
InitializeBuildStatus:
  Creating "Flock2.dir\Debug\Flock2.tlog\unsuccessfulbuild" because "AlwaysCreate" was specified.
CustomBuild:
  All outputs are up-to-date.
ClCompile:
  All outputs are up-to-date.
Link:
  All outputs are up-to-date.
  Flock2.vcxproj -> D:\Codes\build\flock2\Flock2d.exe
PostBuildEvent:
  setlocal
  "C:\Program Files\CMake\bin\cmake.exe" -E copy D:/Codes/libmin/libext/win64/glew64.dll D:/Codes/build/flock2
  if %errorlevel% neq 0 goto :cmEnd
  :cmEnd
  endlocal & call :cmErrorLevel %errorlevel% & goto :cmDone
  :cmErrorLevel
  exit /b %1
  :cmDone
  if %errorlevel% neq 0 goto :VCEnd
  setlocal
  "C:\Program Files\CMake\bin\cmake.exe" -E copy D:/Codes/libmin/libext/win64/glew64d.dll D:/Codes/build/flock2
  if %errorlevel% neq 0 goto :cmEnd
  :cmEnd
  endlocal & call :cmErrorLevel %errorlevel% & goto :cmDone
  :cmErrorLevel
  exit /b %1
  :cmDone
  if %errorlevel% neq 0 goto :VCEnd
  setlocal
  "C:\Program Files\CMake\bin\cmake.exe" -E copy D:/Codes/build/libmin/bin/libmind.dll D:/Codes/build/flock2
  if %errorlevel% neq 0 goto :cmEnd
  :cmEnd
  endlocal & call :cmErrorLevel %errorlevel% & goto :cmDone
  :cmErrorLevel
  exit /b %1
  :cmDone
  if %errorlevel% neq 0 goto :VCEnd
  setlocal
  "C:\Program Files\CMake\bin\cmake.exe" -E copy D:/Codes/build/libmin/bin/libmin.dll D:/Codes/build/flock2
  if %errorlevel% neq 0 goto :cmEnd
  :cmEnd
  endlocal & call :cmErrorLevel %errorlevel% & goto :cmDone
  :cmErrorLevel
  exit /b %1
  :cmDone
  if %errorlevel% neq 0 goto :VCEnd
  :VCEnd
FinalizeBuildStatus:
  Deleting file "Flock2.dir\Debug\Flock2.tlog\unsuccessfulbuild".
  Touching "Flock2.dir\Debug\Flock2.tlog\Flock2.lastbuildstate".
Done Building Project "D:\Codes\build\flock2\Flock2.vcxproj" (default targets).
Done Building Project "D:\Codes\build\flock2\Flock2.vcxproj.metaproj" (default targets).
Project "D:\Codes\build\flock2\flock2.sln" (1) is building "D:\Codes\build\flock2\ALL_BUILD.vcxproj.metaproj" (5) on node 1 (default targets).
Project "D:\Codes\build\flock2\ALL_BUILD.vcxproj.metaproj" (5) is building "D:\Codes\build\flock2\ALL_BUILD.vcxproj" (6) on node 1 (default targets).
InitializeBuildStatus:
  Creating "x64\Debug\ALL_BUILD\ALL_BUILD.tlog\unsuccessfulbuild" because "AlwaysCreate" was specified.
CustomBuild:
  All outputs are up-to-date.
FinalizeBuildStatus:
  Deleting file "x64\Debug\ALL_BUILD\ALL_BUILD.tlog\unsuccessfulbuild".
  Touching "x64\Debug\ALL_BUILD\ALL_BUILD.tlog\ALL_BUILD.lastbuildstate".
Done Building Project "D:\Codes\build\flock2\ALL_BUILD.vcxproj" (default targets).
Done Building Project "D:\Codes\build\flock2\ALL_BUILD.vcxproj.metaproj" (default targets).
Project "D:\Codes\build\flock2\flock2.sln" (1) is building "D:\Codes\build\flock2\INSTALL.vcxproj.metaproj" (7) on node 1 (default targets).
Project "D:\Codes\build\flock2\INSTALL.vcxproj.metaproj" (7) is building "D:\Codes\build\flock2\INSTALL.vcxproj" (8) on node 1 (default targets).
InitializeBuildStatus:
  Creating "x64\Debug\INSTALL\INSTALL.tlog\unsuccessfulbuild" because "AlwaysCreate" was specified.
PostBuildEvent:
  setlocal
  "C:\Program Files\CMake\bin\cmake.exe" -DBUILD_TYPE=Debug -P cmake_install.cmake
  if %errorlevel% neq 0 goto :cmEnd
  :cmEnd
  endlocal & call :cmErrorLevel %errorlevel% & goto :cmDone
  :cmErrorLevel
  exit /b %1
  :cmDone
  if %errorlevel% neq 0 goto :VCEnd
  :VCEnd
  -- Install configuration: "Debug"
FinalizeBuildStatus:
  Deleting file "x64\Debug\INSTALL\INSTALL.tlog\unsuccessfulbuild".
  Touching "x64\Debug\INSTALL\INSTALL.tlog\INSTALL.lastbuildstate".
Done Building Project "D:\Codes\build\flock2\INSTALL.vcxproj" (default targets).
Done Building Project "D:\Codes\build\flock2\INSTALL.vcxproj.metaproj" (default targets).
Done Building Project "D:\Codes\build\flock2\flock2.sln" (default targets).

Build succeeded.
    0 Warning(s)
    0 Error(s)

Time Elapsed 00:00:00.66

D:\Codes\build\flock2>msbuild flock2.sln /p:Configuration=Release 
Microsoft (R) Build Engine version 16.7.0+b89cb5fde for .NET Framework
Copyright (C) Microsoft Corporation. All rights reserved.

Building the projects in this solution one at a time. To enable parallel build, please add the "-m" switch.
Build started 2/3/2024 5:23:37 PM.
Project "D:\Codes\build\flock2\flock2.sln" on node 1 (default targets).
ValidateSolutionConfiguration:
  Building solution configuration "Release|x64".
Project "D:\Codes\build\flock2\flock2.sln" (1) is building "D:\Codes\build\flock2\Flock2.vcxproj.metaproj" (2) on node 1 (default targets).
Project "D:\Codes\build\flock2\Flock2.vcxproj.metaproj" (2) is building "D:\Codes\build\flock2\ZERO_CHECK.vcxproj" (3) on node 1 (default targets).
InitializeBuildStatus:
  Creating "x64\Release\ZERO_CHECK\ZERO_CHECK.tlog\unsuccessfulbuild" because "AlwaysCreate" was specified.
CustomBuild:
  All outputs are up-to-date.
FinalizeBuildStatus:
  Deleting file "x64\Release\ZERO_CHECK\ZERO_CHECK.tlog\unsuccessfulbuild".
  Touching "x64\Release\ZERO_CHECK\ZERO_CHECK.tlog\ZERO_CHECK.lastbuildstate".
Done Building Project "D:\Codes\build\flock2\ZERO_CHECK.vcxproj" (default targets).
Project "D:\Codes\build\flock2\Flock2.vcxproj.metaproj" (2) is building "D:\Codes\build\flock2\Flock2.vcxproj" (4) on node 1 (default targets).
InitializeBuildStatus:
  Creating "Flock2.dir\Release\Flock2.tlog\unsuccessfulbuild" because "AlwaysCreate" was specified.
CustomBuild:
  All outputs are up-to-date.
ClCompile:
  All outputs are up-to-date.
Link:
  All outputs are up-to-date.
  Flock2.vcxproj -> D:\Codes\build\flock2\Flock2.exe
PostBuildEvent:
  setlocal
  "C:\Program Files\CMake\bin\cmake.exe" -E copy D:/Codes/libmin/libext/win64/glew64.dll D:/Codes/build/flock2
  if %errorlevel% neq 0 goto :cmEnd
  :cmEnd
  endlocal & call :cmErrorLevel %errorlevel% & goto :cmDone
  :cmErrorLevel
  exit /b %1
  :cmDone
  if %errorlevel% neq 0 goto :VCEnd
  setlocal
  "C:\Program Files\CMake\bin\cmake.exe" -E copy D:/Codes/libmin/libext/win64/glew64d.dll D:/Codes/build/flock2
  if %errorlevel% neq 0 goto :cmEnd
  :cmEnd
  endlocal & call :cmErrorLevel %errorlevel% & goto :cmDone
  :cmErrorLevel
  exit /b %1
  :cmDone
  if %errorlevel% neq 0 goto :VCEnd
  setlocal
  "C:\Program Files\CMake\bin\cmake.exe" -E copy D:/Codes/build/libmin/bin/libmind.dll D:/Codes/build/flock2
  if %errorlevel% neq 0 goto :cmEnd
  :cmEnd
  endlocal & call :cmErrorLevel %errorlevel% & goto :cmDone
  :cmErrorLevel
  exit /b %1
  :cmDone
  if %errorlevel% neq 0 goto :VCEnd
  setlocal
  "C:\Program Files\CMake\bin\cmake.exe" -E copy D:/Codes/build/libmin/bin/libmin.dll D:/Codes/build/flock2
  if %errorlevel% neq 0 goto :cmEnd
  :cmEnd
  endlocal & call :cmErrorLevel %errorlevel% & goto :cmDone
  :cmErrorLevel
  exit /b %1
  :cmDone
  if %errorlevel% neq 0 goto :VCEnd
  :VCEnd
FinalizeBuildStatus:
  Deleting file "Flock2.dir\Release\Flock2.tlog\unsuccessfulbuild".
  Touching "Flock2.dir\Release\Flock2.tlog\Flock2.lastbuildstate".
Done Building Project "D:\Codes\build\flock2\Flock2.vcxproj" (default targets).
Done Building Project "D:\Codes\build\flock2\Flock2.vcxproj.metaproj" (default targets).
Project "D:\Codes\build\flock2\flock2.sln" (1) is building "D:\Codes\build\flock2\ALL_BUILD.vcxproj.metaproj" (5) on node 1 (default targets).
Project "D:\Codes\build\flock2\ALL_BUILD.vcxproj.metaproj" (5) is building "D:\Codes\build\flock2\ALL_BUILD.vcxproj" (6) on node 1 (default targets).
InitializeBuildStatus:
  Creating "x64\Release\ALL_BUILD\ALL_BUILD.tlog\unsuccessfulbuild" because "AlwaysCreate" was specified.
CustomBuild:
  All outputs are up-to-date.
FinalizeBuildStatus:
  Deleting file "x64\Release\ALL_BUILD\ALL_BUILD.tlog\unsuccessfulbuild".
  Touching "x64\Release\ALL_BUILD\ALL_BUILD.tlog\ALL_BUILD.lastbuildstate".
Done Building Project "D:\Codes\build\flock2\ALL_BUILD.vcxproj" (default targets).
Done Building Project "D:\Codes\build\flock2\ALL_BUILD.vcxproj.metaproj" (default targets).
Project "D:\Codes\build\flock2\flock2.sln" (1) is building "D:\Codes\build\flock2\INSTALL.vcxproj.metaproj" (7) on node 1 (default targets).
Project "D:\Codes\build\flock2\INSTALL.vcxproj.metaproj" (7) is building "D:\Codes\build\flock2\INSTALL.vcxproj" (8) on node 1 (default targets).
InitializeBuildStatus:
  Creating "x64\Release\INSTALL\INSTALL.tlog\unsuccessfulbuild" because "AlwaysCreate" was specified.
PostBuildEvent:
  setlocal
  "C:\Program Files\CMake\bin\cmake.exe" -DBUILD_TYPE=Release -P cmake_install.cmake
  if %errorlevel% neq 0 goto :cmEnd
  :cmEnd
  endlocal & call :cmErrorLevel %errorlevel% & goto :cmDone
  :cmErrorLevel
  exit /b %1
  :cmDone
  if %errorlevel% neq 0 goto :VCEnd
  :VCEnd
  -- Install configuration: "Release"
FinalizeBuildStatus:
  Deleting file "x64\Release\INSTALL\INSTALL.tlog\unsuccessfulbuild".
  Touching "x64\Release\INSTALL\INSTALL.tlog\INSTALL.lastbuildstate".
Done Building Project "D:\Codes\build\flock2\INSTALL.vcxproj" (default targets).
Done Building Project "D:\Codes\build\flock2\INSTALL.vcxproj.metaproj" (default targets).
Done Building Project "D:\Codes\build\flock2\flock2.sln" (default targets).

Build succeeded.
    0 Warning(s)
    0 Error(s)

Time Elapsed 00:00:00.65

D:\Codes\build\flock2>cd ../../flock2 

D:\Codes\Flock2>REM ################################### DONE 

D:\Codes\Flock2>REM ### Update and build complete. 

D:\Codes\Flock2>REM ### To run flock2 debug, type:   ..\build\flock2\flock2d.exe  

D:\Codes\Flock2>REM ### To run flock2 release, type: ..\build\flock2\flock2.exe  

D:\Codes\Flock2>REM
